../Core/Src/main.c:146:5:main	16	static
../Core/Src/main.c:252:6:SystemClock_Config	88	static
../Core/Src/main.c:299:13:MX_RTC_Init	8	static
../Core/Src/main.c:343:13:MX_TIM14_Init	8	static
../Core/Src/main.c:374:13:MX_TIM16_Init	8	static
../Core/Src/main.c:406:13:MX_USART1_UART_Init	8	static
../Core/Src/main.c:454:13:MX_GPIO_Init	48	static
../Core/Src/main.c:475:6:send2swarm_at_command	48	static
../Core/Src/main.c:550:6:pw2payload	8	static
../Core/Src/main.c:556:6:gn2payload	8	static
../Core/Src/main.c:563:6:wait_for_tim16x	24	static,ignoring_inline_asm
../Core/Src/main.c:575:9:nmea_checksum	24	static
../Core/Src/main.c:586:6:HAL_TIM_PeriodElapsedCallback	16	static
../Core/Src/main.c:606:6:Error_Handler	8	static,ignoring_inline_asm
