../Core/Src/main.c:144:5:main	16	static
../Core/Src/main.c:246:6:SystemClock_Config	88	static
../Core/Src/main.c:293:13:MX_RTC_Init	8	static
../Core/Src/main.c:337:13:MX_TIM14_Init	8	static
../Core/Src/main.c:368:13:MX_TIM16_Init	8	static
../Core/Src/main.c:400:13:MX_USART1_UART_Init	8	static
../Core/Src/main.c:448:13:MX_GPIO_Init	48	static
../Core/Src/main.c:469:6:send2swarm_at_command	40	static
../Core/Src/main.c:530:6:pw2payload	8	static
../Core/Src/main.c:536:6:gn2payload	8	static
../Core/Src/main.c:543:6:wait_for_tim16x	24	static,ignoring_inline_asm
../Core/Src/main.c:555:9:nmea_checksum	24	static
../Core/Src/main.c:566:6:HAL_TIM_PeriodElapsedCallback	16	static
../Core/Src/main.c:586:6:Error_Handler	8	static,ignoring_inline_asm
